twitpic.com
wsj.com
wikimedia.org
globo.com
weather.com
nbcnews.com
reverbnation.com
timesonline.co.uk
discovery.com
bizjournals.com
psu.edu
mail.ru
histats.com
alexa.com
dion.ne.jp
elegantthemes.com
51.la
a8.net
free13runpools.com
people.com.cn
istockphoto.com
un.org
google.co.jp
senate.gov
chron.com
mlb.com
prweb.com
soup.io
stanford.edu
ameblo.jp
flickr.com
ezinearticles.com
cisco.com
arstechnica.com
marketwatch.com
randomlists.com
nationalgeographic.com
about.me
sitemeter.com
etsy.com
i2i.jp
pinterest.com
vkontakte.ru
microsoft.com
weebly.com
macromedia.com
samsung.com
privacy.gov.au
cyberchimps.com
phoca.cz
bravesites.com
ucoz.ru
themeforest.net
amazon.com
twitter.com
noaa.gov
wisc.edu
angelfire.com
icq.com
bbb.org
vinaora.com
nydailynews.com
yahoo.com
latimes.com
dot.gov
tumblr.com
utexas.edu
msn.com
artisteer.com
tinyurl.com
state.tx.us
imdb.com
blogspot.com
ebay.co.uk
t.co
umich.edu
wired.com
gizmodo.com
tmall.com
blog.com
businesswire.com
hao123.com
hubpages.com
ovh.net
symantec.com
tinypic.com
wikipedia.org
washington.edu
ehow.com
ebay.com
unicef.org
edublogs.org
nymag.com
list-manage.com
mayoclinic.com
guardian.co.uk
lulu.com
mapquest.com
yellowpages.com
youku.com
ustream.tv
phpbb.com
sun.com
loc.gov
pcworld.com
so-net.ne.jp
usnews.com
bing.com
cdbaby.com
lycos.com
instagram.com
craigslist.org
dell.com
meetup.com
csmonitor.com
skype.com
delicious.com
slate.com
thetimes.co.uk
deviantart.com
foxnews.com
live.com
si.edu
myspace.com
facebook.com
irs.gov
rambler.ru
plala.or.jp
yandex.ru
jimdo.com
hp.com
usda.gov
springer.com
posterous.com
mit.edu
disqus.com
prnewswire.com
1688.com
webeden.co.uk
cloudflare.com
mozilla.com
aboutads.info
quantcast.com
google.es
ucsd.edu
umn.edu
shinystat.com
baidu.com
nifty.com
geocities.com
blogtalkradio.com
pbs.org
technorati.com
slideshare.net
dagondesign.com
moonfruit.com
google.com.br
reddit.com
aol.com
earthlink.net
mapy.cz
economist.com
reference.com
joomla.org
typepad.com
sogou.com
gravatar.com
netscape.com
columbia.edu
fastcompany.com
prlog.org
huffingtonpost.com
dyndns.org
bloomberg.com
homestead.com
theguardian.com
oracle.com
state.gov
engadget.com
blogger.com
seesaa.net
wufoo.com
ycombinator.com
eventbrite.com
youtu.be
narod.ru
slashdot.org
bluehost.com
sciencedirect.com
bloglovin.com
squidoo.com
eepurl.com
house.gov
drupal.org
google.com.hk
jalbum.net
sciencedaily.com
kickstarter.com
goodreads.com
google.pl
amazon.co.jp
nytimes.com
geocities.jp
storify.com
creativecommons.org
chronoengine.com
tamu.edu
hhs.gov
chicagotribune.com
goo.gl
tripod.com
elpais.com
spiegel.de
cpanel.net
addthis.com
yale.edu
networksolutions.com
weibo.com
studiopress.com
google.com
issuu.com
de.vu
yelp.com
liveinternet.ru
ted.com
dropbox.com
paypal.com
reuters.com
time.com
google.cn
g.co
friendfeed.com
simplemachines.org
shop-pro.jp
purevolume.com
pen.io
ox.ac.uk
home.pl
nasa.gov
businessweek.com
salon.com
biblegateway.com
tuttocitta.it
jigsy.com
trellian.com
cnet.com
theatlantic.com
comsenz.com
netlog.com
smugmug.com
auda.org.au
example.com
hostgator.com
opensource.org
altervista.org
github.com
behance.net
desdev.cn
furl.net
sina.com.cn
uol.com.br
examiner.com
pagesperso-orange.fr
nps.gov
xing.com
ft.com
go.com
oakley.com
uiuc.edu
seattletimes.com
wiley.com
topsy.com
vk.com
dmoz.org
parallels.com
xrea.com
oaic.gov.au
wordpress.com
shutterfly.com
cocolog-nifty.com
imageshack.us
arizona.edu
answers.com
nba.com
washingtonpost.com
is.gd
skyrock.com
ucla.edu
google.co.uk
epa.gov
yellowbook.com
mtv.com
usgs.gov
blinklist.com
youtube.com
squarespace.com
va.gov
mediafire.com
cam.ac.uk
boston.com
livejournal.com
cargocollective.com
nature.com
123-reg.co.uk
google.it
imgur.com
miibeian.gov.cn
vistaprint.com
msu.edu
fema.gov
ucoz.com
wunderground.com
ihg.com
rediff.com
nyu.edu
cnn.com
icio.us
statcounter.com
cafepress.com
harvard.edu
fda.gov
naver.com
spotify.com
gov.uk
stumbleupon.com
over-blog.com
webs.com
usatoday.com
whitehouse.gov
smh.com.au
sfgate.com
deliciousdays.com
abc.net.au
alibaba.com
sourceforge.net
independent.co.uk
netvibes.com
soundcloud.com
printfriendly.com
wikia.com
telegraph.co.uk
wp.com
google.com.au
gnu.org
google.nl
mozilla.org
last.fm
scribd.com
china.com.cn
cbslocal.com
japanpost.jp
upenn.edu
goo.ne.jp
yahoo.co.jp
army.mil
buzzfeed.com
diigo.com
booking.com
scientificamerican.com
webmd.com
163.com
tiny.cc
bandcamp.com
usa.gov
ftc.gov
sohu.com
businessinsider.com
who.int
bbc.co.uk
flavors.me
princeton.edu
multiply.com
hc360.com
howstuffworks.com
wix.com
cornell.edu
walmart.com
tripadvisor.com
com.com
adobe.com
yolasite.com
census.gov
hud.gov
google.fr
indiegogo.com
google.ru
techcrunch.com
blogs.com
taobao.com
admin.ch
mysql.com
newyorker.com
w3.org
1und1.de
discuz.net
4shared.com
merriam-webster.com
360.cn
ow.ly
accuweather.com
e-recht24.de
opera.com
clickbank.net
illinois.edu
hibu.com
woothemes.com
mashable.com
unc.edu
constantcontact.com
domainmarket.com
java.com
surveymonkey.com
patch.com
newsvine.com
google.ca
biglobe.ne.jp
godaddy.com
barnesandnoble.com
miitbeian.gov.cn
bloglines.com
nsw.gov.au
ning.com
webnode.com
npr.org
cdc.gov
sakura.ne.jp
dedecms.com
indiatimes.com
cbc.ca
exblog.jp
forbes.com
redcross.org
acquirethisname.com
google.de
canalblog.com
cnbc.com
wikispaces.com
feedburner.com
paginegialle.it
freewebs.com
sbwire.com
fotki.com
berkeley.edu
omniture.com
toplist.cz
photobucket.com
virginia.edu
unblog.fr
cmu.edu
php.net
amazon.de
apple.com
zdnet.com
infoseek.co.jp
ca.gov
rakuten.co.jp
github.io
comcast.net
dailymotion.com
amazon.co.uk
intel.com
europa.eu
jugem.jp
ask.com
cbsnews.com
bigcartel.com
hexun.com
hatena.ne.jp
networkadvertising.org
ifeng.com
marriott.com
sphinn.com
mac.com
fc2.com
vimeo.com
theglobeandmail.com
digg.com
ed.gov
dailymail.co.uk
qq.com
nih.gov
xinhuanet.com
zimbio.com
ocn.ne.jp
free.fr
archive.org
linkedin.com
shareasale.com
about.com
wordpress.org
apache.org
unesco.org
hugedomains.com
t-online.de
ibm.com
amazonaws.com
gmpg.org
addtoany.com
jiathis.com
nhs.uk
